
MongoDBCommunity resource
NAME      PHASE     VERSION
mdbc-rs   Running   8.0.10

MongoDBSearch resource
NAME      PHASE     AGE
mdbc-rs   Running   5m3s

Pods running in cluster kind-kind
NAME                                          READY   STATUS    RESTARTS        AGE
mdb-debug-mdbc-rs-0-0                         1/1     Running   0               7m45s
mdb-debug-mdbc-rs-1-0                         1/1     Running   0               7m44s
mdb-debug-mdbc-rs-2-0                         1/1     Running   0               7m44s
mdb-debug-mdbc-rs-search-0-0                  1/1     Running   0               5m2s
mdbc-rs-0                                     2/2     Running   1 (30s ago)     7m45s
mdbc-rs-1                                     2/2     Running   1 (3m9s ago)    6m33s
mdbc-rs-2                                     2/2     Running   1 (110s ago)    5m44s
mdbc-rs-search-0                              1/1     Running   4 (3m56s ago)   5m3s
mongodb-kubernetes-operator-7968fc5dc-chvqr   1/1     Running   0               15m
