deployment "mongodb-kubernetes-operator" successfully rolled out
Operator deployment in mongodb namespace
NAME                          READY   UP-TO-DATE   AVAILABLE   AGE
mongodb-kubernetes-operator   1/1     1            1           7m26s

Operator pod in mongodb namespace
NAME                                          READY   STATUS    RESTARTS   AGE
mongodb-kubernetes-operator-7968fc5dc-chvqr   1/1     Running   0          7m27s
