Waiting for MongoDBCommunity resource to reach Running phase...
mongodbcommunity.mongodbcommunity.mongodb.com/mdbc-rs condition met

MongoDBCommunity resource
NAME      PHASE     VERSION
mdbc-rs   Running   8.0.10

Pods running in cluster kind-kind
NAME                                          READY   STATUS    RESTARTS   AGE
mdb-debug-mdbc-rs-0-0                         1/1     Running   0          2m41s
mdb-debug-mdbc-rs-1-0                         1/1     Running   0          2m40s
mdb-debug-mdbc-rs-2-0                         1/1     Running   0          2m40s
mdbc-rs-0                                     2/2     Running   0          2m41s
mdbc-rs-1                                     2/2     Running   0          89s
mdbc-rs-2                                     2/2     Running   0          40s
mongodb-kubernetes-operator-7968fc5dc-chvqr   1/1     Running   0          10m
