{
  cursor: {
    id: 0,
    ns: 'sample_mflix.embedded_movies',
    firstBatch: [
      {
        id: '68b4caa47251863f5575fec8',
        name: 'vector_index',
        type: 'vectorSearch',
        latestDefinition: {
          type: 'vectorSearch',
          indexID: ObjectId('68b4caa47251863f5575fec8'),
          name: 'vector_index',
          database: 'sample_mflix',
          lastObservedCollectionName: 'embedded_movies',
          collectionUUID: UUID('051d3e03-3bb9-4f1e-a09b-c42a1c7cbcfa'),
          numPartitions: 1,
          fields: [
            {
              type: 'vector',
              path: 'plot_embedding_voyage_3_large',
              numDimensions: 2048,
              similarity: 'dotProduct',
              quantization: 'scalar'
            }
          ]
        }
      }
    ]
  },
  ok: 1,
  '$clusterTime': {
    clusterTime: Timestamp({ t: 1756678874, i: 1 }),
    signature: {
      hash: Binary.createFromBase64('uKLfU07WYBzbHl4UZVYDpZ4gjp0=', 0),
      keyId: Long('7544871179463426051')
    }
  },
  operationTime: Timestamp({ t: 1756678874, i: 1 })
}
