{
  cursor: {
    id: 0,
    ns: 'sample_mflix.movies',
    firstBatch: [
      {
        id: '68b4b7e0777e263365ea375a',
        name: 'default',
        type: 'search',
        latestDefinition: {
          indexID: ObjectId('68b4b7e0777e263365ea375a'),
          name: 'default',
          database: 'sample_mflix',
          lastObservedCollectionName: 'movies',
          collectionUUID: UUID('81bd355f-4fc9-418b-add4-117558c68fff'),
          numPartitions: 1,
          mappings: { dynamic: true, fields: {} },
          indexFeatureVersion: 3
        }
      }
    ]
  },
  ok: 1,
  '$clusterTime': {
    clusterTime: Timestamp({ t: 1756674077, i: 1 }),
    signature: {
      hash: Binary.createFromBase64('TGngyJQH0HlmeUKUrNYqyCQVmdM=', 0),
      keyId: Long('7544855820660375556')
    }
  },
  operationTime: Timestamp({ t: 1756674077, i: 1 })
}
