{
  cursor: {
    id: 0,
    ns: 'sample_mflix.embedded_movies',
    firstBatch: [
      {
        id: '68b81d3031bf4274821e5905',
        name: 'vector_index',
        type: 'vectorSearch',
        latestDefinition: {
          type: 'vectorSearch',
          indexID: ObjectId('68b81d3031bf4274821e5905'),
          name: 'vector_index',
          database: 'sample_mflix',
          lastObservedCollectionName: 'embedded_movies',
          collectionUUID: UUID('bbf1a9ff-79fe-4da9-8409-3b9944f887c6'),
          numPartitions: 1,
          fields: [
            {
              type: 'vector',
              path: 'plot_embedding_voyage_3_large',
              numDimensions: 2048,
              similarity: 'dotProduct',
              quantization: 'scalar'
            }
          ]
        }
      }
    ]
  },
  ok: 1,
  '$clusterTime': {
    clusterTime: Timestamp({ t: 1756896621, i: 1 }),
    signature: {
      hash: Binary.createFromBase64('qHt8YmVnFuNMx+8m8qEy7wMfWtQ=', 0),
      keyId: Long('7545803324805611525')
    }
  },
  operationTime: Timestamp({ t: 1756896621, i: 1 })
}
