
MongoDBCommunity resource
NAME      PHASE     VERSION
mdbc-rs   Running   8.0.10

MongoDBSearch resource
NAME   PHASE     AGE
mdbs   Running   27s

Pods running in cluster kind-kind
NAME                                           READY   STATUS    RESTARTS   AGE
mdbc-rs-0                                      2/2     Running   0          2m49s
mdbc-rs-1                                      2/2     Running   0          2m1s
mdbc-rs-2                                      2/2     Running   0          72s
mdbs-search-0                                  1/1     Running   0          27s
mongodb-kubernetes-operator-5d946f899b-ztsqw   1/1     Running   0          2m51s
